{
  "schemaVersion": "week12.asset-blueprint-runtime-index.v2",
  "generatedAt": "2026-06-03T08:54:35.285895+00:00",
  "status": "PASS",
  "javaRuntimeSummaryPath": "/home/GRT/work/media-task-platform-java/artifacts/logs/week12_asset_blueprint_http_runtime_smoke_summary.json",
  "javaRuntimeSummarySha256": "7c22f9fe82ea5c9d63af8381d1e21fc4658cc1d69b72e7b287549cce2fc3350e",
  "javaRuntimeStatus": "PASS",
  "javaRuntimeHttpCode": "200",
  "javaRuntimeHealthCode": "200",
  "selectedEndpoint": "/api/media-tasks/task-week12-001/asset-blueprint",
  "redisHealthDisabledForSmoke": true,
  "missingFields": [],
  "requiredFields": [
    "taskId",
    "inputAssetUri",
    "blueprintArtifactUri",
    "blueprintId",
    "timelineArtifactUri",
    "qualityGateStatus",
    "qualityGatePassed",
    "blueprintManifestLinked",
    "timelineArtifactLinked"
  ],
  "consumedAssetBlueprint": {
    "taskId": "task-week12-001",
    "inputAssetUri": "file://samples/week12/city_walk.mp4",
    "blueprintArtifactUri": "artifacts/manifests/week12_blueprint_v1_manifest.json#blueprint_v1_66d315251e",
    "blueprintId": "blueprint_v1_66d315251e",
    "timelineArtifactUri": "artifacts/manifests/week12_event_timeline.jsonl",
    "qualityGateStatus": "PASS",
    "qualityGatePassed": true,
    "blueprintManifestLinked": true,
    "timelineArtifactLinked": true
  },
  "blockers": [],
  "doesNotClaim": [
    "production deployment",
    "production SLO",
    "full Redis-backed readiness",
    "durable object storage",
    "real cloud provider deployment"
  ]
}
