===== [Cloud SLO alert final verify] =====
2026-05-12T11:43:48+08:00

===== [status before verify] =====
## main...origin/main
 M README.md
 M docs/runbooks/slo.md
 M observability/prometheus/alerts.yaml
?? artifacts/logs/week10_actuator_metric_label_audit_20260512.log
?? artifacts/logs/week10_actuator_prometheus_live_20260512.txt
?? artifacts/logs/week10_actuator_prometheus_live_recapture_20260512.log
?? artifacts/logs/week10_alerts_before_label_align_20260512.yaml
?? artifacts/logs/week10_alerts_label_aligned_20260512.log
?? artifacts/logs/week10_cloud_slo_alert_final_verify_20260512.log
?? artifacts/logs/week10_port_forward_18080_20260512.stderr
?? artifacts/logs/week10_port_forward_18080_20260512.stdout

===== [stale narrative scan] =====

===== [current alert names] =====
observability/prometheus/alerts.yaml:4:      - alert: JavaAppTargetDown
observability/prometheus/alerts.yaml:5:        expr: up{job=~".*java.*|.*media.*"} == 0
observability/prometheus/alerts.yaml:14:      - alert: JavaAppHighErrorRatio
observability/prometheus/alerts.yaml:15:        expr: |
observability/prometheus/alerts.yaml:17:            sum(rate(http_server_requests_seconds_count{status=~"5.."}[5m]))
observability/prometheus/alerts.yaml:19:            clamp_min(sum(rate(http_server_requests_seconds_count[5m])), 1)
observability/prometheus/alerts.yaml:29:      - alert: JavaAppHighMeanLatency
observability/prometheus/alerts.yaml:30:        expr: |
observability/prometheus/alerts.yaml:33:              sum(rate(http_server_requests_seconds_sum{uri!="/actuator/prometheus"}[5m]))
observability/prometheus/alerts.yaml:35:              sum(rate(http_server_requests_seconds_count{uri!="/actuator/prometheus"}[5m]))
observability/prometheus/alerts.yaml:40:            sum(rate(http_server_requests_seconds_count{uri!="/actuator/prometheus"}[5m])) > 0
observability/prometheus/alerts.yaml:48:          description: "Mean request latency is above 1 second for 5 minutes. P95 is deferred because live Actuator evidence exposes summary count/sum/max but no http_server_requests_seconds_bucket."
docs/runbooks/slo.md:33:| error ratio | 5xx requests / total HTTP requests | http_server_requests_seconds_count if available | metric name must be verified |
docs/runbooks/slo.md:34:| latency mean | Mean HTTP request latency | http_server_requests_seconds_sum / http_server_requests_seconds_count | verified by live Actuator evidence on 2026-05-12 |
docs/runbooks/slo.md:110:- `http_server_requests_seconds_count`
docs/runbooks/slo.md:111:- `http_server_requests_seconds_sum`
docs/runbooks/slo.md:119:- `JavaAppHighErrorRatio` is backed by live `http_server_requests_seconds_count{status=...}` evidence.
docs/runbooks/slo.md:120:- `JavaAppHighMeanLatency` is backed by live `http_server_requests_seconds_sum/count` evidence.
docs/runbooks/slo.md:121:- Previous P95 latency expression based on `http_server_requests_seconds_bucket` is deferred because the live Actuator evidence does not expose `http_server_requests_seconds_bucket`.
README.md:36:- HTTP metric names and labels were checked against live Spring Boot Actuator Prometheus output; P95 latency remains deferred because `http_server_requests_seconds_bucket` was not present in the captured metrics.
README.md:113:   - 已校正 `http_server_requests_seconds_count` / `http_server_requests_seconds_sum` 的真实 label
README.md:114:   - `http_server_requests_seconds_bucket` 未出现在 live Actuator evidence 中，因此 P95 alert 暂缓，当前使用 mean latency alert

===== [promtool check rules] =====
Checking /etc/prometheus/alerts.yaml
  SUCCESS: 3 rules found


===== [promtool check metrics via stdin] =====
http_server_requests_active_seconds no help text
http_server_requests_active_seconds_max no help text
http_server_requests_seconds no help text
http_server_requests_seconds_max no help text
jvm_compilation_time_ms_total metric names should not contain abbreviated units
process_cpu_time_ns_total metric names should not contain abbreviated units
spring_security_authorizations_active_seconds no help text
spring_security_authorizations_active_seconds_max no help text
spring_security_authorizations_seconds no help text
spring_security_authorizations_seconds_max no help text
spring_security_filterchains_access_exceptions_after_total no help text
spring_security_filterchains_access_exceptions_before_total no help text
spring_security_filterchains_active_seconds no help text
spring_security_filterchains_active_seconds_max no help text
spring_security_filterchains_authentication_anonymous_after_total no help text
spring_security_filterchains_authentication_anonymous_before_total no help text
spring_security_filterchains_authentication_basic_after_total no help text
spring_security_filterchains_authentication_basic_before_total no help text
spring_security_filterchains_authorization_after_total no help text
spring_security_filterchains_authorization_before_total no help text
spring_security_filterchains_context_async_after_total no help text
spring_security_filterchains_context_async_before_total no help text
spring_security_filterchains_context_holder_after_total no help text
spring_security_filterchains_context_holder_before_total no help text
spring_security_filterchains_context_servlet_after_total no help text
spring_security_filterchains_context_servlet_before_total no help text
spring_security_filterchains_header_after_total no help text
spring_security_filterchains_header_before_total no help text
spring_security_filterchains_logout_after_total no help text
spring_security_filterchains_logout_before_total no help text
spring_security_filterchains_requestcache_after_total no help text
spring_security_filterchains_requestcache_before_total no help text
spring_security_filterchains_seconds no help text
spring_security_filterchains_seconds_max no help text
spring_security_filterchains_session_management_after_total no help text
spring_security_filterchains_session_management_before_total no help text
spring_security_filterchains_session_urlencoding_after_total no help text
spring_security_filterchains_session_urlencoding_before_total no help text
spring_security_http_secured_requests_active_seconds no help text
spring_security_http_secured_requests_active_seconds_max no help text
spring_security_http_secured_requests_seconds no help text
spring_security_http_secured_requests_seconds_max no help text
system_cpu_count non-histogram and non-summary metrics should not have "_count" suffix
tomcat_sessions_active_current_sessions no help text
tomcat_sessions_active_max_sessions no help text
tomcat_sessions_alive_max_seconds no help text
tomcat_sessions_created_sessions_total no help text
tomcat_sessions_expired_sessions_total no help text
tomcat_sessions_rejected_sessions_total no help text

===== [post status / diff] =====
## main...origin/main
 M README.md
 M docs/runbooks/slo.md
 M observability/prometheus/alerts.yaml
?? artifacts/logs/week10_actuator_metric_label_audit_20260512.log
?? artifacts/logs/week10_actuator_prometheus_live_20260512.txt
?? artifacts/logs/week10_actuator_prometheus_live_recapture_20260512.log
?? artifacts/logs/week10_alerts_before_label_align_20260512.yaml
?? artifacts/logs/week10_alerts_label_aligned_20260512.log
?? artifacts/logs/week10_cloud_slo_alert_final_verify_20260512.log
?? artifacts/logs/week10_port_forward_18080_20260512.stderr
?? artifacts/logs/week10_port_forward_18080_20260512.stdout
 README.md                            | 14 ++++++++----
 docs/runbooks/slo.md                 | 44 ++++++++++++++++++++++++++++++++++--
 observability/prometheus/alerts.yaml | 43 ++++++++++++++++++-----------------
 3 files changed, 73 insertions(+), 28 deletions(-)
