README.md:18:- 已完成 Week08 Terraform root/child module 最小骨架：`infra/terraform/envs/dev/main.tf` 调用 `infra/terraform/modules/local_placeholder`
README.md:19:- 已完成 Week08 Terraform 本地结构验证：`terraform fmt -recursive -check`、`terraform init -backend=false`、`terraform validate`、`terraform plan -input=false`
README.md:30:- 真实 cloud provider 接入
README.md:31:- remote backend / remote state
README.md:41:当前 `terraform plan` 只验证了 local placeholder module 的 output 变化，不代表真实基础设施部署完成。
README.md:52:   - 明确当前只完成 local-only validation，不接真实云账号
README.md:55:   - 明确 provider / backend / state 的引入条件
infra/terraform/envs/dev/.terraform/modules/modules.json:1:{"Modules":[{"Key":"","Source":"","Dir":"."},{"Key":"local_placeholder","Source":"../../modules/local_placeholder","Dir":"../../modules/local_placeholder"}]}
infra/terraform/envs/dev/main.tf:6:# This root module intentionally does not configure a real cloud provider,
infra/terraform/envs/dev/main.tf:7:# backend, or remote state. It only proves root/child module wiring.
infra/terraform/envs/dev/main.tf:14:module "local_placeholder" {
infra/terraform/envs/dev/main.tf:15:  source = "../../modules/local_placeholder"
infra/terraform/envs/dev/main.tf:25:    module      = module.local_placeholder.module_name
infra/terraform/envs/dev/main.tf:26:    labels      = module.local_placeholder.labels
infra/terraform/modules/local_placeholder/outputs.tf:2:  description = "Name of the placeholder module."
infra/terraform/modules/local_placeholder/outputs.tf:7:  description = "Local labels generated by the placeholder module."
infra/terraform/modules/local_placeholder/main.tf:2:  module_name = "local_placeholder"
infra/terraform/modules/local_placeholder/variables.tf:2:  description = "Project name used by the local placeholder module."
infra/terraform/modules/local_placeholder/variables.tf:7:  description = "Environment name used by the local placeholder module."
infra/terraform/README.md:17:- 维护 dev 环境的 provider / backend / main 入口
infra/terraform/README.md:48:    terraform plan
infra/terraform/README.md:55:- remote state
infra/terraform/README.md:58:- 复杂 provider 拆分
docs/adr/0001-terraform-layout.md:12:Before adding real cloud providers, remote state, image build, deploy, rollout, or rollback behavior, the repo needs a stable IaC layout. The goal is to make later work easier to validate, not to pretend that real infrastructure has already been provisioned.
docs/adr/0001-terraform-layout.md:23:        local_placeholder/
docs/adr/0001-terraform-layout.md:31:- `modules/local_placeholder` is a local child module used to prove module wiring without creating real cloud resources.
docs/adr/0001-terraform-layout.md:32:- Real providers, backend configuration, and remote state are intentionally excluded from this ADR.
docs/adr/0001-terraform-layout.md:33:- `terraform fmt`, `terraform init -backend=false`, and `terraform validate` are the first validation gates.
docs/adr/0001-terraform-layout.md:34:- `terraform plan` may be used later, but only as a no-resource or local-only validation until real cloud scope is explicitly approved.
docs/adr/0001-terraform-layout.md:52:- Future provider/backend work has a predictable landing zone.
docs/adr/0001-terraform-layout.md:57:- This does not validate remote state.
docs/adr/0001-terraform-layout.md:59:- The placeholder module must not be mistaken for production infrastructure.
docs/adr/0001-terraform-layout.md:63:- No real cloud provider.
docs/adr/0001-terraform-layout.md:64:- No remote backend.
docs/adr/0001-terraform-layout.md:68:- No claim that `terraform plan` against real infrastructure has passed.
docs/runbooks/terraform-dev-minimum.md:20:- `infra/terraform/modules/local_placeholder/main.tf`
docs/runbooks/terraform-dev-minimum.md:21:- `infra/terraform/modules/local_placeholder/variables.tf`
docs/runbooks/terraform-dev-minimum.md:22:- `infra/terraform/modules/local_placeholder/outputs.tf`
docs/runbooks/terraform-dev-minimum.md:27:- `modules/local_placeholder` acts as a local child module.
docs/runbooks/terraform-dev-minimum.md:28:- No provider is configured.
docs/runbooks/terraform-dev-minimum.md:29:- No backend is configured.
docs/runbooks/terraform-dev-minimum.md:30:- No remote state is configured.
docs/runbooks/terraform-dev-minimum.md:43:Initialize without backend:
docs/runbooks/terraform-dev-minimum.md:45:    terraform init -backend=false
docs/runbooks/terraform-dev-minimum.md:51:Optional local-only plan:
docs/runbooks/terraform-dev-minimum.md:53:    terraform plan
docs/runbooks/terraform-dev-minimum.md:65:The optional plan should not propose real cloud resources because the current configuration contains no real provider-backed resource.
docs/runbooks/terraform-dev-minimum.md:78:- Do not configure remote state.
docs/runbooks/terraform-dev-minimum.md:80:- Do not add provider-backed resources.
docs/runbooks/otel-pipeline.md:82:- If needed, add a richer backend such as Tempo only after the current reproducible trace path is documented and stable
docs/runbooks/local-observability.md:22:observability/grafana/provisioning/dashboards/dashboard-provider.yml
