
         /\      Grafana   /‾‾/  
    /\  /  \     |\  __   /  /   
   /  \/    \    | |/ /  /   ‾‾\ 
  /          \   |   (  |  (‾)  |
 / __________ \  |_|\_\  \_____/ 


     execution: local
        script: loadtest/k6_query_boundary.js
        output: -

     scenarios: (100.00%) 1 scenario, 1 max VUs, 10m30s max duration (incl. graceful stop):
              * default: 3 iterations shared among 1 VUs (maxDuration: 10m0s, gracefulStop: 30s)

{
  "schema_version": "week11_k6_query_boundary_v1",
  "base_url": "http://host.docker.internal:8080",
  "expected_code": "MEDIA_TASK_INVALID_REQUEST",
  "checks_rate": 1,
  "http_req_failed_rate": 0,
  "http_req_duration_p95_ms": 131.9524367
}

running (00m00.4s), 0/1 VUs, 3 complete and 0 interrupted iterations
default ✓ [ 100% ] 1 VUs  00m00.4s/10m0s  3/3 shared iters
