{
  "decision": "PASS_WEEK16_THREE_REPO_FAILURE_TAXONOMY_CLOSURE",
  "decisionErrors": [],
  "closure": "loadtest/reports/week16_temporal_alignment_failure_taxonomy_three_repo_closure_index.json",
  "metrics": "observability/prometheus/week16_temporal_alignment_failure_taxonomy_three_repo_closure_metrics.prom",
  "summary": {
    "candidateTotal": 10,
    "bucketCounts": {
      "pass_low_risk_with_numeric_margin": 7,
      "timing_drift_actionable_remediated": 2,
      "warn_near_miss_threshold_margin": 1
    },
    "p1RegressionFixtureIds": [
      "procedural_v0_0004",
      "procedural_v0_0010"
    ],
    "thresholdFixtureIds": [
      "procedural_v0_0007"
    ],
    "passControlCount": 7,
    "javaApiEndpoint": "/api/week16/temporal-alignment/failure-taxonomy",
    "javaApiRandomPortEvidence": 40631,
    "cloudPlatformSignals": {
      "apiEvidencePass": true,
      "p1RegressionFixtureCount": 2,
      "thresholdFixtureCount": 1,
      "passControlCount": 7,
      "blockedClaimCount": 4,
      "dashboardReady": true,
      "metricsReady": true
    },
    "blockedClaims": [
      "No live Java service availability claim.",
      "No live Grafana import claim.",
      "No production SLO claim.",
      "No semantic audio quality pass claim.",
      "No human-review pass claim.",
      "No final mix readiness claim."
    ]
  }
}
