{
  "status": "FAIL",
  "scope": "week12_trirepo_audio_timing_runtime_contract_closure",
  "repoState": {
    "mainbase": {
      "path": "/home/GRT/work/grt_work/audio_engineering_repo_skeleton_v1",
      "head": "28e79ff",
      "originMain": "28e79ff",
      "clean": true,
      "latestCommit": "28e79ff feat: add week12 audio timing alignment evidence"
    },
    "cloud": {
      "path": "/home/GRT/work/grt_work/ai-job-platform-cloud",
      "head": "a1f7159",
      "originMain": "a1f7159",
      "clean": false,
      "latestCommit": "a1f7159 feat: consume week12 mainbase audio timing alignment"
    },
    "java": {
      "path": "/home/GRT/work/grt_work/media-task-platform-java",
      "head": "88d8d28",
      "originMain": "88d8d28",
      "clean": true,
      "latestCommit": "88d8d28 feat: expose week12 audio timing runtime contract"
    }
  },
  "businessChain": [
    {
      "repo": "mainbase",
      "commit": "28e79ff",
      "behavior": "binds 10 audio candidates to event timing windows and repairs temporal coordinate frame",
      "evidence": [
        "/home/GRT/work/grt_work/audio_engineering_repo_skeleton_v1/artifacts/manifests/week12_audio_candidate_timing_binding_report_v2.json",
        "/home/GRT/work/grt_work/audio_engineering_repo_skeleton_v1/artifacts/manifests/week12_temporal_alignment_probe_report_v1.json",
        "/home/GRT/work/grt_work/audio_engineering_repo_skeleton_v1/artifacts/manifests/week12_mainbase_audio_timing_handoff_index.json"
      ]
    },
    {
      "repo": "cloud",
      "commit": "a1f7159",
      "behavior": "consumes Mainbase timing evidence and converts it into runtime placement semantics",
      "evidence": [
        "/home/GRT/work/grt_work/ai-job-platform-cloud/artifacts/manifests/week12_cloud_mainbase_audio_timing_runtime_index.json",
        "/home/GRT/work/grt_work/ai-job-platform-cloud/observability/grafana/dashboards/week12_audio_timing_alignment_runtime_stub.json"
      ]
    },
    {
      "repo": "java",
      "commit": "88d8d28",
      "behavior": "exposes Cloud-consumed runtime semantics through HTTP contract and RANDOM_PORT IT",
      "evidence": [
        "/home/GRT/work/grt_work/media-task-platform-java/artifacts/manifests/week12_java_audio_timing_runtime_contract_report.json",
        "/home/GRT/work/grt_work/media-task-platform-java/src/main/resources/week12/week12_cloud_mainbase_audio_timing_runtime_index.json",
        "/home/GRT/work/grt_work/media-task-platform-java/src/main/java/com/ryan/media/week12/Week12AudioTimingRuntimeContractController.java",
        "/home/GRT/work/grt_work/media-task-platform-java/src/test/java/com/ryan/media/week12/Week12AudioTimingRuntimeContractIT.java"
      ]
    }
  ],
  "closureMetrics": {
    "candidateCount": 10,
    "timingBoundCount": 10,
    "alignmentPassCount": 10,
    "alignmentFailCount": 0,
    "assetTimeModeCounts": {
      "full_clip": 5,
      "event_local": 5
    },
    "eventLocalPlacementOffsetCount": 5,
    "dashboardPanelCount": 4
  },
  "contractEndpoints": [
    "/api/week12/audio-timing-runtime",
    "/api/week12/audio-timing-runtime/event-local-offsets",
    "/api/week12/audio-timing-runtime/placement-required"
  ],
  "runtimeWarnings": [
    "EVENT_LOCAL_ASSETS_REQUIRE_EXPECTED_START_SEC_PLACEMENT",
    "EVENT_LOCAL_ASSETS_REQUIRE_PLACEMENT_OFFSET_IN_MIXER"
  ],
  "blockers": [
    "CLOUD_WORKTREE_NOT_CLEAN"
  ],
  "nextRisk": "The next concrete risk is mixer/runtime placement: event_local foley assets must be placed at expectedStartSec, otherwise timing compatibility will regress even though the API contract is now correct.",
  "boundaryStatement": "This closure proves the Week12 timing/alignment runtime contract across Mainbase, Cloud, and Java. It does not prove semantic audio quality, human audition, final mix readiness, production SLO, or real cloud deployment."
}
