{
  "decision": "PASS_WEEK16_CLOUD_FAILURE_TAXONOMY_PLATFORM_GATE",
  "decisionErrors": [],
  "gate": "loadtest/reports/week16_temporal_alignment_failure_taxonomy_platform_gate.json",
  "metrics": "observability/prometheus/week16_temporal_alignment_failure_taxonomy_metrics.prom",
  "summary": {
    "candidateTotal": 10,
    "bucketCounts": {
      "pass_low_risk_with_numeric_margin": 7,
      "timing_drift_actionable_remediated": 2,
      "warn_near_miss_threshold_margin": 1
    },
    "p1RegressionFixtureIds": [
      "procedural_v0_0004",
      "procedural_v0_0010"
    ],
    "thresholdFixtureIds": [
      "procedural_v0_0007"
    ],
    "passControlCount": 7,
    "blockedClaims": [
      "No semantic audio quality pass claim.",
      "No human-review pass claim.",
      "No final mix readiness claim.",
      "No production SLO claim."
    ]
  },
  "platformSignals": {
    "apiEvidencePass": true,
    "p1RegressionFixtureCount": 2,
    "thresholdFixtureCount": 1,
    "passControlCount": 7,
    "blockedClaimCount": 4,
    "dashboardReady": true,
    "metricsReady": true
  }
}
