===== Week09 Docker/kind recovered =====
2026-05-06T16:16:47+08:00

===== docker context =====
NAME              DESCRIPTION                               DOCKER ENDPOINT                                ERROR
default           Current DOCKER_HOST based configuration   unix:///var/run/docker.sock                    
desktop-linux *   Docker Desktop                            unix:///home/GRT/.docker/desktop/docker.sock   

===== docker version =====
Client: Docker Engine - Community
 Version:           28.1.1
 API version:       1.49
 Go version:        go1.23.8
 Git commit:        4eba377
 Built:             Fri Apr 18 09:52:18 2025
 OS/Arch:           linux/amd64
 Context:           desktop-linux

Server: Docker Desktop 4.64.0 (221278)
 Engine:
  Version:          29.2.1
  API version:      1.53 (minimum version 1.44)
  Go version:       go1.25.6
  Git commit:       6bc6209
  Built:            Mon Feb  2 17:17:24 2026
  OS/Arch:          linux/amd64
  Experimental:     false
 containerd:
  Version:          v2.2.1
  GitCommit:        dea7da592f5d1d2b7755e3a161be07f43fad8f75
 runc:
  Version:          1.3.4
  GitCommit:        v1.3.4-0-gd6d73eb8
 docker-init:
  Version:          0.19.0
  GitCommit:        de40ad0

===== docker ps =====
CONTAINER ID   IMAGE                  COMMAND                   CREATED       STATUS         PORTS                       NAMES
891e43b77d6a   kindest/node:v1.35.0   "/usr/local/bin/entr…"   4 weeks ago   Up 7 minutes   127.0.0.1:34487->6443/tcp   cloud-dev-control-plane

===== kind clusters =====
cloud-dev

===== kubectl nodes =====
NAME                      STATUS   ROLES           AGE   VERSION   INTERNAL-IP   EXTERNAL-IP   OS-IMAGE                         KERNEL-VERSION     CONTAINER-RUNTIME
cloud-dev-control-plane   Ready    control-plane   33d   v1.35.0   172.19.0.2    <none>        Debian GNU/Linux 12 (bookworm)   6.12.72-linuxkit   containerd://2.2.0

===== kubectl namespaces =====
NAME                 STATUS   AGE
default              Active   33d
dev-platform         Active   33d
kube-node-lease      Active   33d
kube-public          Active   33d
kube-system          Active   33d
local-path-storage   Active   33d
